// 重构日志: b43bc439
// 重构日志: dd9562e7
// 同步 ID: bd640c5a @ Tue Jul 28 13:36:14 UTC 2026
// 重构日志: e66a1b96
// 同步 ID: 752554c9 @ Wed Jul 29 08:01:24 UTC 2026
// 重构日志: 5ab5070b
// 重构日志: da463b9c
// 重构日志: ec8e268b
// 同步 ID: 4b5bb3a9 @ Fri Jul 31 15:21:42 UTC 2026
// 同步 ID: a9dd73bb @ Sat Aug  1 07:53:02 UTC 2026
// 重构日志: 078628ce
// 重构日志: 22230427
// 重构日志: 0e376b49
// 同步 ID: ff664237 @ Sun Aug  2 07:15:27 UTC 2026
// 重构日志: 2daecf8f
// 重构日志: b9f440f9
// 重构日志: 6111ac8f
// 重构日志: 07a07c34
// 重构日志: d5858f13
// 同步 ID: 23fd90c1 @ Tue Aug  4 04:30:35 UTC 2026
// 同步 ID: f490a3f3 @ Wed Aug  5 04:25:47 UTC 2026
// 同步 ID: f997b707 @ Thu Aug  6 04:30:09 UTC 2026
// 同步 ID: b9c40584 @ Fri Aug  7 03:47:53 UTC 2026
// 重构日志: b8c7abc0
// 重构日志: 27ad61b3
// 重构日志: 72e8d234
// 重构日志: 1ed4b00c
// 重构日志: c1800308
// 重构日志: f21ce9d1
// 同步 ID: 4814a155 @ Sat Aug  8 07:09:10 UTC 2026
